[0.806s] Invoking command in '/home/i4n/Desktop/GDUT/build/pc_ws_bridge': DEBUGINFOD_URLS=https://debuginfod.ubuntu.com PYTHONPATH=/home/i4n/Desktop/GDUT/build/pc_ws_bridge/prefix_override:/usr/lib/python3/dist-packages/colcon_core/task/python/colcon_distutils_commands:/home/i4n/Desktop/GDUT/install/pc_ws_bridge/lib/python3.12/site-packages:${PYTHONPATH} /usr/bin/python3 -W ignore:setup.py install is deprecated -W ignore:easy_install command is deprecated setup.py develop --editable --build-directory /home/i4n/Desktop/GDUT/build/pc_ws_bridge/build --no-deps symlink_data
[1.081s] running develop
[1.254s] running egg_info
[1.254s] creating pc_ws_bridge.egg-info
[1.271s] writing pc_ws_bridge.egg-info/PKG-INFO
[1.271s] writing dependency_links to pc_ws_bridge.egg-info/dependency_links.txt
[1.271s] writing entry points to pc_ws_bridge.egg-info/entry_points.txt
[1.271s] writing requirements to pc_ws_bridge.egg-info/requires.txt
[1.272s] writing top-level names to pc_ws_bridge.egg-info/top_level.txt
[1.272s] writing manifest file 'pc_ws_bridge.egg-info/SOURCES.txt'
[1.305s] reading manifest file 'pc_ws_bridge.egg-info/SOURCES.txt'
[1.305s] writing manifest file 'pc_ws_bridge.egg-info/SOURCES.txt'
[1.324s] running build_ext
[1.324s] Creating /home/i4n/Desktop/GDUT/install/pc_ws_bridge/lib/python3.12/site-packages/pc-ws-bridge.egg-link (link to .)
[1.325s] Installing bridge_node script to /home/i4n/Desktop/GDUT/install/pc_ws_bridge/lib/pc_ws_bridge
[1.325s] 
[1.325s] Installed /home/i4n/Desktop/GDUT/build/pc_ws_bridge
[1.325s] running symlink_data
[1.325s] creating /home/i4n/Desktop/GDUT/install/pc_ws_bridge/share/ament_index
[1.325s] creating /home/i4n/Desktop/GDUT/install/pc_ws_bridge/share/ament_index/resource_index
[1.326s] creating /home/i4n/Desktop/GDUT/install/pc_ws_bridge/share/ament_index/resource_index/packages
[1.326s] symbolically linking /home/i4n/Desktop/GDUT/build/pc_ws_bridge/resource/pc_ws_bridge -> /home/i4n/Desktop/GDUT/install/pc_ws_bridge/share/ament_index/resource_index/packages
[1.326s] symbolically linking /home/i4n/Desktop/GDUT/build/pc_ws_bridge/package.xml -> /home/i4n/Desktop/GDUT/install/pc_ws_bridge/share/pc_ws_bridge
[1.326s] creating /home/i4n/Desktop/GDUT/install/pc_ws_bridge/share/pc_ws_bridge/launch
[1.326s] symbolically linking /home/i4n/Desktop/GDUT/build/pc_ws_bridge/launch/bridge.launch.py -> /home/i4n/Desktop/GDUT/install/pc_ws_bridge/share/pc_ws_bridge/launch
[1.326s] creating /home/i4n/Desktop/GDUT/install/pc_ws_bridge/share/pc_ws_bridge/config
[1.326s] symbolically linking /home/i4n/Desktop/GDUT/build/pc_ws_bridge/config/bridge.yaml -> /home/i4n/Desktop/GDUT/install/pc_ws_bridge/share/pc_ws_bridge/config
[1.359s] Invoked command in '/home/i4n/Desktop/GDUT/build/pc_ws_bridge' returned '0': DEBUGINFOD_URLS=https://debuginfod.ubuntu.com PYTHONPATH=/home/i4n/Desktop/GDUT/build/pc_ws_bridge/prefix_override:/usr/lib/python3/dist-packages/colcon_core/task/python/colcon_distutils_commands:/home/i4n/Desktop/GDUT/install/pc_ws_bridge/lib/python3.12/site-packages:${PYTHONPATH} /usr/bin/python3 -W ignore:setup.py install is deprecated -W ignore:easy_install command is deprecated setup.py develop --editable --build-directory /home/i4n/Desktop/GDUT/build/pc_ws_bridge/build --no-deps symlink_data
