[0.877s] Invoking command in '/home/i4n/Desktop/GDUT/RK3576/SBGDUT/build/viewer_ws_bridge': DEBUGINFOD_URLS=https://debuginfod.ubuntu.com PYTHONPATH=/home/i4n/Desktop/GDUT/RK3576/SBGDUT/build/viewer_ws_bridge/prefix_override:/usr/lib/python3/dist-packages/colcon_core/task/python/colcon_distutils_commands:/home/i4n/Desktop/GDUT/RK3576/SBGDUT/install/viewer_ws_bridge/lib/python3.12/site-packages:${PYTHONPATH} /usr/bin/python3 -W ignore:setup.py install is deprecated -W ignore:easy_install command is deprecated setup.py develop --editable --build-directory /home/i4n/Desktop/GDUT/RK3576/SBGDUT/build/viewer_ws_bridge/build --no-deps symlink_data
[1.165s] running develop
[1.337s] running egg_info
[1.337s] creating viewer_ws_bridge.egg-info
[1.354s] writing viewer_ws_bridge.egg-info/PKG-INFO
[1.354s] writing dependency_links to viewer_ws_bridge.egg-info/dependency_links.txt
[1.355s] writing entry points to viewer_ws_bridge.egg-info/entry_points.txt
[1.355s] writing requirements to viewer_ws_bridge.egg-info/requires.txt
[1.355s] writing top-level names to viewer_ws_bridge.egg-info/top_level.txt
[1.355s] writing manifest file 'viewer_ws_bridge.egg-info/SOURCES.txt'
[1.389s] reading manifest file 'viewer_ws_bridge.egg-info/SOURCES.txt'
[1.389s] writing manifest file 'viewer_ws_bridge.egg-info/SOURCES.txt'
[1.407s] running build_ext
[1.407s] Creating /home/i4n/Desktop/GDUT/RK3576/SBGDUT/install/viewer_ws_bridge/lib/python3.12/site-packages/viewer-ws-bridge.egg-link (link to .)
[1.408s] Installing bridge_node script to /home/i4n/Desktop/GDUT/RK3576/SBGDUT/install/viewer_ws_bridge/lib/viewer_ws_bridge
[1.408s] 
[1.408s] Installed /home/i4n/Desktop/GDUT/RK3576/SBGDUT/build/viewer_ws_bridge
[1.408s] running symlink_data
[1.409s] creating /home/i4n/Desktop/GDUT/RK3576/SBGDUT/install/viewer_ws_bridge/share/ament_index
[1.409s] creating /home/i4n/Desktop/GDUT/RK3576/SBGDUT/install/viewer_ws_bridge/share/ament_index/resource_index
[1.409s] creating /home/i4n/Desktop/GDUT/RK3576/SBGDUT/install/viewer_ws_bridge/share/ament_index/resource_index/packages
[1.409s] symbolically linking /home/i4n/Desktop/GDUT/RK3576/SBGDUT/build/viewer_ws_bridge/resource/viewer_ws_bridge -> /home/i4n/Desktop/GDUT/RK3576/SBGDUT/install/viewer_ws_bridge/share/ament_index/resource_index/packages
[1.409s] symbolically linking /home/i4n/Desktop/GDUT/RK3576/SBGDUT/build/viewer_ws_bridge/package.xml -> /home/i4n/Desktop/GDUT/RK3576/SBGDUT/install/viewer_ws_bridge/share/viewer_ws_bridge
[1.409s] creating /home/i4n/Desktop/GDUT/RK3576/SBGDUT/install/viewer_ws_bridge/share/viewer_ws_bridge/launch
[1.409s] symbolically linking /home/i4n/Desktop/GDUT/RK3576/SBGDUT/build/viewer_ws_bridge/launch/bridge.launch.py -> /home/i4n/Desktop/GDUT/RK3576/SBGDUT/install/viewer_ws_bridge/share/viewer_ws_bridge/launch
[1.409s] creating /home/i4n/Desktop/GDUT/RK3576/SBGDUT/install/viewer_ws_bridge/share/viewer_ws_bridge/config
[1.410s] symbolically linking /home/i4n/Desktop/GDUT/RK3576/SBGDUT/build/viewer_ws_bridge/config/bridge.yaml -> /home/i4n/Desktop/GDUT/RK3576/SBGDUT/install/viewer_ws_bridge/share/viewer_ws_bridge/config
[1.439s] Invoked command in '/home/i4n/Desktop/GDUT/RK3576/SBGDUT/build/viewer_ws_bridge' returned '0': DEBUGINFOD_URLS=https://debuginfod.ubuntu.com PYTHONPATH=/home/i4n/Desktop/GDUT/RK3576/SBGDUT/build/viewer_ws_bridge/prefix_override:/usr/lib/python3/dist-packages/colcon_core/task/python/colcon_distutils_commands:/home/i4n/Desktop/GDUT/RK3576/SBGDUT/install/viewer_ws_bridge/lib/python3.12/site-packages:${PYTHONPATH} /usr/bin/python3 -W ignore:setup.py install is deprecated -W ignore:easy_install command is deprecated setup.py develop --editable --build-directory /home/i4n/Desktop/GDUT/RK3576/SBGDUT/build/viewer_ws_bridge/build --no-deps symlink_data
