running develop
running egg_info
creating rk3576_ws_bridge.egg-info
writing rk3576_ws_bridge.egg-info/PKG-INFO
writing dependency_links to rk3576_ws_bridge.egg-info/dependency_links.txt
writing entry points to rk3576_ws_bridge.egg-info/entry_points.txt
writing requirements to rk3576_ws_bridge.egg-info/requires.txt
writing top-level names to rk3576_ws_bridge.egg-info/top_level.txt
writing manifest file 'rk3576_ws_bridge.egg-info/SOURCES.txt'
reading manifest file 'rk3576_ws_bridge.egg-info/SOURCES.txt'
writing manifest file 'rk3576_ws_bridge.egg-info/SOURCES.txt'
running build_ext
Creating /home/cat/Desktop/SBGDUT/install/rk3576_ws_bridge/lib/python3.10/site-packages/rk3576-ws-bridge.egg-link (link to .)
Installing bridge_node script to /home/cat/Desktop/SBGDUT/install/rk3576_ws_bridge/lib/rk3576_ws_bridge

Installed /home/cat/Desktop/SBGDUT/build/rk3576_ws_bridge
running symlink_data
creating /home/cat/Desktop/SBGDUT/install/rk3576_ws_bridge/share/ament_index
creating /home/cat/Desktop/SBGDUT/install/rk3576_ws_bridge/share/ament_index/resource_index
creating /home/cat/Desktop/SBGDUT/install/rk3576_ws_bridge/share/ament_index/resource_index/packages
symbolically linking /home/cat/Desktop/SBGDUT/build/rk3576_ws_bridge/resource/rk3576_ws_bridge -> /home/cat/Desktop/SBGDUT/install/rk3576_ws_bridge/share/ament_index/resource_index/packages
symbolically linking /home/cat/Desktop/SBGDUT/build/rk3576_ws_bridge/package.xml -> /home/cat/Desktop/SBGDUT/install/rk3576_ws_bridge/share/rk3576_ws_bridge
creating /home/cat/Desktop/SBGDUT/install/rk3576_ws_bridge/share/rk3576_ws_bridge/launch
symbolically linking /home/cat/Desktop/SBGDUT/build/rk3576_ws_bridge/launch/bridge.launch.py -> /home/cat/Desktop/SBGDUT/install/rk3576_ws_bridge/share/rk3576_ws_bridge/launch
creating /home/cat/Desktop/SBGDUT/install/rk3576_ws_bridge/share/rk3576_ws_bridge/config
symbolically linking /home/cat/Desktop/SBGDUT/build/rk3576_ws_bridge/config/bridge.yaml -> /home/cat/Desktop/SBGDUT/install/rk3576_ws_bridge/share/rk3576_ws_bridge/config
