[32.245s] Invoking command in '/home/cat/Desktop/SBGDUT/build/rk3576_ws_bridge': PYTHONPATH=/home/cat/Desktop/SBGDUT/build/rk3576_ws_bridge/prefix_override:/usr/lib/python3/dist-packages/colcon_core/task/python/colcon_distutils_commands:/home/cat/Desktop/SBGDUT/install/rk3576_ws_bridge/lib/python3.10/site-packages:${PYTHONPATH} /usr/bin/python3 -W ignore:setup.py install is deprecated -W ignore:easy_install command is deprecated setup.py develop --editable --build-directory /home/cat/Desktop/SBGDUT/build/rk3576_ws_bridge/build --no-deps symlink_data
[33.147s] running develop
[33.723s] running egg_info
[33.723s] creating rk3576_ws_bridge.egg-info
[33.724s] writing rk3576_ws_bridge.egg-info/PKG-INFO
[33.725s] writing dependency_links to rk3576_ws_bridge.egg-info/dependency_links.txt
[33.726s] writing entry points to rk3576_ws_bridge.egg-info/entry_points.txt
[33.726s] writing requirements to rk3576_ws_bridge.egg-info/requires.txt
[33.727s] writing top-level names to rk3576_ws_bridge.egg-info/top_level.txt
[33.727s] writing manifest file 'rk3576_ws_bridge.egg-info/SOURCES.txt'
[33.732s] reading manifest file 'rk3576_ws_bridge.egg-info/SOURCES.txt'
[33.734s] writing manifest file 'rk3576_ws_bridge.egg-info/SOURCES.txt'
[33.740s] running build_ext
[33.740s] Creating /home/cat/Desktop/SBGDUT/install/rk3576_ws_bridge/lib/python3.10/site-packages/rk3576-ws-bridge.egg-link (link to .)
[33.743s] Installing bridge_node script to /home/cat/Desktop/SBGDUT/install/rk3576_ws_bridge/lib/rk3576_ws_bridge
[33.745s] 
[33.746s] Installed /home/cat/Desktop/SBGDUT/build/rk3576_ws_bridge
[33.746s] running symlink_data
[33.747s] creating /home/cat/Desktop/SBGDUT/install/rk3576_ws_bridge/share/ament_index
[33.747s] creating /home/cat/Desktop/SBGDUT/install/rk3576_ws_bridge/share/ament_index/resource_index
[33.747s] creating /home/cat/Desktop/SBGDUT/install/rk3576_ws_bridge/share/ament_index/resource_index/packages
[33.748s] symbolically linking /home/cat/Desktop/SBGDUT/build/rk3576_ws_bridge/resource/rk3576_ws_bridge -> /home/cat/Desktop/SBGDUT/install/rk3576_ws_bridge/share/ament_index/resource_index/packages
[33.748s] symbolically linking /home/cat/Desktop/SBGDUT/build/rk3576_ws_bridge/package.xml -> /home/cat/Desktop/SBGDUT/install/rk3576_ws_bridge/share/rk3576_ws_bridge
[33.749s] creating /home/cat/Desktop/SBGDUT/install/rk3576_ws_bridge/share/rk3576_ws_bridge/launch
[33.750s] symbolically linking /home/cat/Desktop/SBGDUT/build/rk3576_ws_bridge/launch/bridge.launch.py -> /home/cat/Desktop/SBGDUT/install/rk3576_ws_bridge/share/rk3576_ws_bridge/launch
[33.751s] creating /home/cat/Desktop/SBGDUT/install/rk3576_ws_bridge/share/rk3576_ws_bridge/config
[33.751s] symbolically linking /home/cat/Desktop/SBGDUT/build/rk3576_ws_bridge/config/bridge.yaml -> /home/cat/Desktop/SBGDUT/install/rk3576_ws_bridge/share/rk3576_ws_bridge/config
[33.863s] Invoked command in '/home/cat/Desktop/SBGDUT/build/rk3576_ws_bridge' returned '0': PYTHONPATH=/home/cat/Desktop/SBGDUT/build/rk3576_ws_bridge/prefix_override:/usr/lib/python3/dist-packages/colcon_core/task/python/colcon_distutils_commands:/home/cat/Desktop/SBGDUT/install/rk3576_ws_bridge/lib/python3.10/site-packages:${PYTHONPATH} /usr/bin/python3 -W ignore:setup.py install is deprecated -W ignore:easy_install command is deprecated setup.py develop --editable --build-directory /home/cat/Desktop/SBGDUT/build/rk3576_ws_bridge/build --no-deps symlink_data
