[0.207s] DEBUG:colcon:Command line arguments: ['/usr/bin/colcon', 'build', '--packages-select', 'viewer_ws_bridge', '--symlink-install']
[0.207s] DEBUG:colcon:Parsed command line arguments: Namespace(log_base=None, log_level=None, verb_name='build', build_base='build', install_base='install', merge_install=False, symlink_install=True, test_result_base=None, continue_on_error=False, executor='parallel', parallel_workers=12, event_handlers=None, ignore_user_meta=False, metas=['./colcon.meta'], base_paths=['.'], packages_ignore=None, packages_ignore_regex=None, paths=None, packages_up_to=None, packages_up_to_regex=None, packages_above=None, packages_above_and_dependencies=None, packages_above_depth=None, packages_select_by_dep=None, packages_skip_by_dep=None, packages_skip_up_to=None, packages_select_build_failed=False, packages_skip_build_finished=False, packages_select_test_failures=False, packages_skip_test_passed=False, packages_select=['viewer_ws_bridge'], packages_skip=None, packages_select_regex=None, packages_skip_regex=None, packages_start=None, packages_end=None, allow_overriding=[], cmake_args=None, cmake_target=None, cmake_target_skip_unavailable=False, cmake_clean_cache=False, cmake_clean_first=False, cmake_force_configure=False, ament_cmake_args=None, catkin_cmake_args=None, catkin_skip_building_tests=False, mixin_files=None, mixin=None, verb_parser=<colcon_mixin.mixin.mixin_argument.MixinArgumentDecorator object at 0x73e8ce181e80>, verb_extension=<colcon_core.verb.build.BuildVerb object at 0x73e8ce1819d0>, main=<bound method BuildVerb.main of <colcon_core.verb.build.BuildVerb object at 0x73e8ce1819d0>>, mixin_verb=('build',))
[0.259s] Level 1:colcon.colcon_core.package_discovery:discover_packages(colcon_meta) check parameters
[0.259s] Level 1:colcon.colcon_core.package_discovery:discover_packages(recursive) check parameters
[0.259s] Level 1:colcon.colcon_core.package_discovery:discover_packages(ignore) check parameters
[0.259s] Level 1:colcon.colcon_core.package_discovery:discover_packages(path) check parameters
[0.259s] Level 1:colcon.colcon_core.package_discovery:discover_packages(colcon_meta) discover
[0.259s] Level 1:colcon.colcon_core.package_discovery:discover_packages(recursive) discover
[0.259s] INFO:colcon.colcon_core.package_discovery:Crawling recursively for packages in '/home/i4n/Desktop/GDUT/RK3576/SBGDUT'
[0.259s] Level 1:colcon.colcon_core.package_identification:_identify(.) by extensions ['ignore', 'ignore_ament_install']
[0.259s] Level 1:colcon.colcon_core.package_identification:_identify(.) by extension 'ignore'
[0.259s] Level 1:colcon.colcon_core.package_identification:_identify(.) by extension 'ignore_ament_install'
[0.259s] Level 1:colcon.colcon_core.package_identification:_identify(.) by extensions ['colcon_pkg']
[0.259s] Level 1:colcon.colcon_core.package_identification:_identify(.) by extension 'colcon_pkg'
[0.259s] Level 1:colcon.colcon_core.package_identification:_identify(.) by extensions ['colcon_meta']
[0.259s] Level 1:colcon.colcon_core.package_identification:_identify(.) by extension 'colcon_meta'
[0.259s] Level 1:colcon.colcon_core.package_identification:_identify(.) by extensions ['ros']
[0.259s] Level 1:colcon.colcon_core.package_identification:_identify(.) by extension 'ros'
[0.287s] Level 1:colcon.colcon_core.package_identification:_identify(.) by extensions ['cmake', 'python']
[0.287s] Level 1:colcon.colcon_core.package_identification:_identify(.) by extension 'cmake'
[0.287s] Level 1:colcon.colcon_core.package_identification:_identify(.) by extension 'python'
[0.287s] Level 1:colcon.colcon_core.package_identification:_identify(.) by extensions ['python_setup_py']
[0.287s] Level 1:colcon.colcon_core.package_identification:_identify(.) by extension 'python_setup_py'
[0.287s] Level 1:colcon.colcon_core.package_identification:_identify(__pycache__) by extensions ['ignore', 'ignore_ament_install']
[0.287s] Level 1:colcon.colcon_core.package_identification:_identify(__pycache__) by extension 'ignore'
[0.287s] Level 1:colcon.colcon_core.package_identification:_identify(__pycache__) by extension 'ignore_ament_install'
[0.287s] Level 1:colcon.colcon_core.package_identification:_identify(__pycache__) by extensions ['colcon_pkg']
[0.288s] Level 1:colcon.colcon_core.package_identification:_identify(__pycache__) by extension 'colcon_pkg'
[0.288s] Level 1:colcon.colcon_core.package_identification:_identify(__pycache__) by extensions ['colcon_meta']
[0.288s] Level 1:colcon.colcon_core.package_identification:_identify(__pycache__) by extension 'colcon_meta'
[0.288s] Level 1:colcon.colcon_core.package_identification:_identify(__pycache__) by extensions ['ros']
[0.288s] Level 1:colcon.colcon_core.package_identification:_identify(__pycache__) by extension 'ros'
[0.288s] Level 1:colcon.colcon_core.package_identification:_identify(__pycache__) by extensions ['cmake', 'python']
[0.288s] Level 1:colcon.colcon_core.package_identification:_identify(__pycache__) by extension 'cmake'
[0.288s] Level 1:colcon.colcon_core.package_identification:_identify(__pycache__) by extension 'python'
[0.288s] Level 1:colcon.colcon_core.package_identification:_identify(__pycache__) by extensions ['python_setup_py']
[0.288s] Level 1:colcon.colcon_core.package_identification:_identify(__pycache__) by extension 'python_setup_py'
[0.288s] Level 1:colcon.colcon_core.package_identification:_identify(build) by extensions ['ignore', 'ignore_ament_install']
[0.288s] Level 1:colcon.colcon_core.package_identification:_identify(build) by extension 'ignore'
[0.288s] Level 1:colcon.colcon_core.package_identification:_identify(build) ignored
[0.288s] Level 1:colcon.colcon_core.package_identification:_identify(install) by extensions ['ignore', 'ignore_ament_install']
[0.288s] Level 1:colcon.colcon_core.package_identification:_identify(install) by extension 'ignore'
[0.288s] Level 1:colcon.colcon_core.package_identification:_identify(install) ignored
[0.288s] Level 1:colcon.colcon_core.package_identification:_identify(log) by extensions ['ignore', 'ignore_ament_install']
[0.289s] Level 1:colcon.colcon_core.package_identification:_identify(log) by extension 'ignore'
[0.289s] Level 1:colcon.colcon_core.package_identification:_identify(log) ignored
[0.289s] Level 1:colcon.colcon_core.package_identification:_identify(rk3576_ws_bridge) by extensions ['ignore', 'ignore_ament_install']
[0.289s] Level 1:colcon.colcon_core.package_identification:_identify(rk3576_ws_bridge) by extension 'ignore'
[0.289s] Level 1:colcon.colcon_core.package_identification:_identify(rk3576_ws_bridge) by extension 'ignore_ament_install'
[0.289s] Level 1:colcon.colcon_core.package_identification:_identify(rk3576_ws_bridge) by extensions ['colcon_pkg']
[0.289s] Level 1:colcon.colcon_core.package_identification:_identify(rk3576_ws_bridge) by extension 'colcon_pkg'
[0.289s] Level 1:colcon.colcon_core.package_identification:_identify(rk3576_ws_bridge) by extensions ['colcon_meta']
[0.289s] Level 1:colcon.colcon_core.package_identification:_identify(rk3576_ws_bridge) by extension 'colcon_meta'
[0.289s] Level 1:colcon.colcon_core.package_identification:_identify(rk3576_ws_bridge) by extensions ['ros']
[0.289s] Level 1:colcon.colcon_core.package_identification:_identify(rk3576_ws_bridge) by extension 'ros'
[0.292s] DEBUG:colcon.colcon_core.package_identification:Package 'rk3576_ws_bridge' with type 'ros.ament_python' and name 'rk3576_ws_bridge'
[0.292s] Level 1:colcon.colcon_core.package_identification:_identify(viewer_ws_bridge) by extensions ['ignore', 'ignore_ament_install']
[0.292s] Level 1:colcon.colcon_core.package_identification:_identify(viewer_ws_bridge) by extension 'ignore'
[0.292s] Level 1:colcon.colcon_core.package_identification:_identify(viewer_ws_bridge) by extension 'ignore_ament_install'
[0.292s] Level 1:colcon.colcon_core.package_identification:_identify(viewer_ws_bridge) by extensions ['colcon_pkg']
[0.292s] Level 1:colcon.colcon_core.package_identification:_identify(viewer_ws_bridge) by extension 'colcon_pkg'
[0.292s] Level 1:colcon.colcon_core.package_identification:_identify(viewer_ws_bridge) by extensions ['colcon_meta']
[0.292s] Level 1:colcon.colcon_core.package_identification:_identify(viewer_ws_bridge) by extension 'colcon_meta'
[0.292s] Level 1:colcon.colcon_core.package_identification:_identify(viewer_ws_bridge) by extensions ['ros']
[0.292s] Level 1:colcon.colcon_core.package_identification:_identify(viewer_ws_bridge) by extension 'ros'
[0.293s] DEBUG:colcon.colcon_core.package_identification:Package 'viewer_ws_bridge' with type 'ros.ament_python' and name 'viewer_ws_bridge'
[0.293s] Level 1:colcon.colcon_core.package_discovery:discover_packages(recursive) using defaults
[0.293s] Level 1:colcon.colcon_core.package_discovery:discover_packages(ignore) discover
[0.293s] Level 1:colcon.colcon_core.package_discovery:discover_packages(ignore) using defaults
[0.293s] Level 1:colcon.colcon_core.package_discovery:discover_packages(path) discover
[0.293s] Level 1:colcon.colcon_core.package_discovery:discover_packages(path) using defaults
[0.313s] INFO:colcon.colcon_core.package_selection:Skipping not selected package 'rk3576_ws_bridge' in 'rk3576_ws_bridge'
[0.314s] Level 1:colcon.colcon_core.package_discovery:discover_packages(prefix_path) check parameters
[0.314s] Level 1:colcon.colcon_core.package_discovery:discover_packages(prefix_path) discover
[0.317s] DEBUG:colcon.colcon_installed_package_information.package_discovery:Found 287 installed packages in /opt/ros/jazzy
[0.318s] Level 1:colcon.colcon_core.package_discovery:discover_packages(prefix_path) using defaults
[0.354s] Level 5:colcon.colcon_core.verb:set package 'viewer_ws_bridge' build argument 'cmake_args' from command line to 'None'
[0.354s] Level 5:colcon.colcon_core.verb:set package 'viewer_ws_bridge' build argument 'cmake_target' from command line to 'None'
[0.354s] Level 5:colcon.colcon_core.verb:set package 'viewer_ws_bridge' build argument 'cmake_target_skip_unavailable' from command line to 'False'
[0.354s] Level 5:colcon.colcon_core.verb:set package 'viewer_ws_bridge' build argument 'cmake_clean_cache' from command line to 'False'
[0.354s] Level 5:colcon.colcon_core.verb:set package 'viewer_ws_bridge' build argument 'cmake_clean_first' from command line to 'False'
[0.354s] Level 5:colcon.colcon_core.verb:set package 'viewer_ws_bridge' build argument 'cmake_force_configure' from command line to 'False'
[0.354s] Level 5:colcon.colcon_core.verb:set package 'viewer_ws_bridge' build argument 'ament_cmake_args' from command line to 'None'
[0.354s] Level 5:colcon.colcon_core.verb:set package 'viewer_ws_bridge' build argument 'catkin_cmake_args' from command line to 'None'
[0.354s] Level 5:colcon.colcon_core.verb:set package 'viewer_ws_bridge' build argument 'catkin_skip_building_tests' from command line to 'False'
[0.354s] DEBUG:colcon.colcon_core.verb:Building package 'viewer_ws_bridge' with the following arguments: {'ament_cmake_args': None, 'build_base': '/home/i4n/Desktop/GDUT/RK3576/SBGDUT/build/viewer_ws_bridge', 'catkin_cmake_args': None, 'catkin_skip_building_tests': False, 'cmake_args': None, 'cmake_clean_cache': False, 'cmake_clean_first': False, 'cmake_force_configure': False, 'cmake_target': None, 'cmake_target_skip_unavailable': False, 'install_base': '/home/i4n/Desktop/GDUT/RK3576/SBGDUT/install/viewer_ws_bridge', 'merge_install': False, 'path': '/home/i4n/Desktop/GDUT/RK3576/SBGDUT/viewer_ws_bridge', 'symlink_install': True, 'test_result_base': None}
[0.354s] INFO:colcon.colcon_core.executor:Executing jobs using 'parallel' executor
[0.355s] DEBUG:colcon.colcon_parallel_executor.executor.parallel:run_until_complete
[0.355s] INFO:colcon.colcon_ros.task.ament_python.build:Building ROS package in '/home/i4n/Desktop/GDUT/RK3576/SBGDUT/viewer_ws_bridge' with build type 'ament_python'
[0.355s] Level 1:colcon.colcon_core.shell:create_environment_hook('viewer_ws_bridge', 'ament_prefix_path')
[0.359s] INFO:colcon.colcon_core.plugin_system:Skipping extension 'colcon_core.shell.bat': Not used on non-Windows systems
[0.359s] INFO:colcon.colcon_core.shell:Creating environment hook '/home/i4n/Desktop/GDUT/RK3576/SBGDUT/install/viewer_ws_bridge/share/viewer_ws_bridge/hook/ament_prefix_path.ps1'
[0.360s] INFO:colcon.colcon_core.shell:Creating environment descriptor '/home/i4n/Desktop/GDUT/RK3576/SBGDUT/install/viewer_ws_bridge/share/viewer_ws_bridge/hook/ament_prefix_path.dsv'
[0.361s] INFO:colcon.colcon_core.shell:Creating environment hook '/home/i4n/Desktop/GDUT/RK3576/SBGDUT/install/viewer_ws_bridge/share/viewer_ws_bridge/hook/ament_prefix_path.sh'
[0.361s] INFO:colcon.colcon_core.shell:Skip shell extension 'powershell' for command environment: Not usable outside of PowerShell
[0.361s] DEBUG:colcon.colcon_core.shell:Skip shell extension 'dsv' for command environment
[0.563s] INFO:colcon.colcon_core.task.python.build:Building Python package in '/home/i4n/Desktop/GDUT/RK3576/SBGDUT/viewer_ws_bridge'
[0.563s] INFO:colcon.colcon_core.shell:Skip shell extension 'powershell' for command environment: Not usable outside of PowerShell
[0.563s] DEBUG:colcon.colcon_core.shell:Skip shell extension 'dsv' for command environment
[1.233s] DEBUG:colcon.colcon_core.event_handler.log_command:Invoking command in '/home/i4n/Desktop/GDUT/RK3576/SBGDUT/build/viewer_ws_bridge': DEBUGINFOD_URLS=https://debuginfod.ubuntu.com PYTHONPATH=/home/i4n/Desktop/GDUT/RK3576/SBGDUT/build/viewer_ws_bridge/prefix_override:/usr/lib/python3/dist-packages/colcon_core/task/python/colcon_distutils_commands:/home/i4n/Desktop/GDUT/RK3576/SBGDUT/install/viewer_ws_bridge/lib/python3.12/site-packages:${PYTHONPATH} /usr/bin/python3 -W ignore:setup.py install is deprecated -W ignore:easy_install command is deprecated setup.py develop --editable --build-directory /home/i4n/Desktop/GDUT/RK3576/SBGDUT/build/viewer_ws_bridge/build --no-deps symlink_data
[1.794s] Level 1:colcon.colcon_core.shell:create_environment_hook('viewer_ws_bridge', 'pythonpath_develop')
[1.795s] INFO:colcon.colcon_core.shell:Creating environment hook '/home/i4n/Desktop/GDUT/RK3576/SBGDUT/build/viewer_ws_bridge/share/viewer_ws_bridge/hook/pythonpath_develop.ps1'
[1.795s] DEBUG:colcon.colcon_core.event_handler.log_command:Invoked command in '/home/i4n/Desktop/GDUT/RK3576/SBGDUT/build/viewer_ws_bridge' returned '0': DEBUGINFOD_URLS=https://debuginfod.ubuntu.com PYTHONPATH=/home/i4n/Desktop/GDUT/RK3576/SBGDUT/build/viewer_ws_bridge/prefix_override:/usr/lib/python3/dist-packages/colcon_core/task/python/colcon_distutils_commands:/home/i4n/Desktop/GDUT/RK3576/SBGDUT/install/viewer_ws_bridge/lib/python3.12/site-packages:${PYTHONPATH} /usr/bin/python3 -W ignore:setup.py install is deprecated -W ignore:easy_install command is deprecated setup.py develop --editable --build-directory /home/i4n/Desktop/GDUT/RK3576/SBGDUT/build/viewer_ws_bridge/build --no-deps symlink_data
[1.795s] INFO:colcon.colcon_core.shell:Creating environment descriptor '/home/i4n/Desktop/GDUT/RK3576/SBGDUT/build/viewer_ws_bridge/share/viewer_ws_bridge/hook/pythonpath_develop.dsv'
[1.796s] INFO:colcon.colcon_core.shell:Creating environment hook '/home/i4n/Desktop/GDUT/RK3576/SBGDUT/build/viewer_ws_bridge/share/viewer_ws_bridge/hook/pythonpath_develop.sh'
[1.801s] Level 1:colcon.colcon_core.environment:checking '/home/i4n/Desktop/GDUT/RK3576/SBGDUT/install/viewer_ws_bridge' for CMake module files
[1.801s] Level 1:colcon.colcon_core.environment:checking '/home/i4n/Desktop/GDUT/RK3576/SBGDUT/install/viewer_ws_bridge' for CMake config files
[1.802s] Level 1:colcon.colcon_core.environment:checking '/home/i4n/Desktop/GDUT/RK3576/SBGDUT/install/viewer_ws_bridge/lib'
[1.802s] Level 1:colcon.colcon_core.environment:checking '/home/i4n/Desktop/GDUT/RK3576/SBGDUT/install/viewer_ws_bridge/bin'
[1.802s] Level 1:colcon.colcon_core.environment:checking '/home/i4n/Desktop/GDUT/RK3576/SBGDUT/install/viewer_ws_bridge/lib/pkgconfig/viewer_ws_bridge.pc'
[1.802s] Level 1:colcon.colcon_core.environment:checking '/home/i4n/Desktop/GDUT/RK3576/SBGDUT/install/viewer_ws_bridge/lib/python3.12/site-packages'
[1.802s] Level 1:colcon.colcon_core.shell:create_environment_hook('viewer_ws_bridge', 'pythonpath')
[1.803s] INFO:colcon.colcon_core.shell:Creating environment hook '/home/i4n/Desktop/GDUT/RK3576/SBGDUT/install/viewer_ws_bridge/share/viewer_ws_bridge/hook/pythonpath.ps1'
[1.803s] INFO:colcon.colcon_core.shell:Creating environment descriptor '/home/i4n/Desktop/GDUT/RK3576/SBGDUT/install/viewer_ws_bridge/share/viewer_ws_bridge/hook/pythonpath.dsv'
[1.803s] INFO:colcon.colcon_core.shell:Creating environment hook '/home/i4n/Desktop/GDUT/RK3576/SBGDUT/install/viewer_ws_bridge/share/viewer_ws_bridge/hook/pythonpath.sh'
[1.804s] Level 1:colcon.colcon_core.environment:checking '/home/i4n/Desktop/GDUT/RK3576/SBGDUT/install/viewer_ws_bridge/bin'
[1.804s] Level 1:colcon.colcon_core.environment:create_environment_scripts_only(viewer_ws_bridge)
[1.804s] INFO:colcon.colcon_core.shell:Creating package script '/home/i4n/Desktop/GDUT/RK3576/SBGDUT/install/viewer_ws_bridge/share/viewer_ws_bridge/package.ps1'
[1.805s] INFO:colcon.colcon_core.shell:Creating package descriptor '/home/i4n/Desktop/GDUT/RK3576/SBGDUT/install/viewer_ws_bridge/share/viewer_ws_bridge/package.dsv'
[1.805s] INFO:colcon.colcon_core.shell:Creating package script '/home/i4n/Desktop/GDUT/RK3576/SBGDUT/install/viewer_ws_bridge/share/viewer_ws_bridge/package.sh'
[1.806s] INFO:colcon.colcon_core.shell:Creating package script '/home/i4n/Desktop/GDUT/RK3576/SBGDUT/install/viewer_ws_bridge/share/viewer_ws_bridge/package.bash'
[1.807s] INFO:colcon.colcon_core.shell:Creating package script '/home/i4n/Desktop/GDUT/RK3576/SBGDUT/install/viewer_ws_bridge/share/viewer_ws_bridge/package.zsh'
[1.807s] Level 1:colcon.colcon_core.environment:create_file_with_runtime_dependencies(/home/i4n/Desktop/GDUT/RK3576/SBGDUT/install/viewer_ws_bridge/share/colcon-core/packages/viewer_ws_bridge)
[1.808s] DEBUG:colcon.colcon_parallel_executor.executor.parallel:closing loop
[1.808s] DEBUG:colcon.colcon_parallel_executor.executor.parallel:loop closed
[1.808s] DEBUG:colcon.colcon_parallel_executor.executor.parallel:run_until_complete finished with '0'
[1.808s] DEBUG:colcon.colcon_core.event_reactor:joining thread
[1.814s] INFO:colcon.colcon_core.plugin_system:Skipping extension 'colcon_notification.desktop_notification.terminal_notifier': Not used on non-Darwin systems
[1.814s] INFO:colcon.colcon_core.plugin_system:Skipping extension 'colcon_notification.desktop_notification.win32': Not used on non-Windows systems
[1.814s] INFO:colcon.colcon_notification.desktop_notification:Sending desktop notification using 'notify2'
[1.826s] DEBUG:colcon.colcon_core.event_reactor:joined thread
[1.827s] INFO:colcon.colcon_core.shell:Creating prefix script '/home/i4n/Desktop/GDUT/RK3576/SBGDUT/install/local_setup.ps1'
[1.828s] INFO:colcon.colcon_core.shell:Creating prefix util module '/home/i4n/Desktop/GDUT/RK3576/SBGDUT/install/_local_setup_util_ps1.py'
[1.829s] INFO:colcon.colcon_core.shell:Creating prefix chain script '/home/i4n/Desktop/GDUT/RK3576/SBGDUT/install/setup.ps1'
[1.830s] INFO:colcon.colcon_core.shell:Creating prefix script '/home/i4n/Desktop/GDUT/RK3576/SBGDUT/install/local_setup.sh'
[1.830s] INFO:colcon.colcon_core.shell:Creating prefix util module '/home/i4n/Desktop/GDUT/RK3576/SBGDUT/install/_local_setup_util_sh.py'
[1.831s] INFO:colcon.colcon_core.shell:Creating prefix chain script '/home/i4n/Desktop/GDUT/RK3576/SBGDUT/install/setup.sh'
[1.832s] INFO:colcon.colcon_core.shell:Creating prefix script '/home/i4n/Desktop/GDUT/RK3576/SBGDUT/install/local_setup.bash'
[1.833s] INFO:colcon.colcon_core.shell:Creating prefix chain script '/home/i4n/Desktop/GDUT/RK3576/SBGDUT/install/setup.bash'
[1.834s] INFO:colcon.colcon_core.shell:Creating prefix script '/home/i4n/Desktop/GDUT/RK3576/SBGDUT/install/local_setup.zsh'
[1.834s] INFO:colcon.colcon_core.shell:Creating prefix chain script '/home/i4n/Desktop/GDUT/RK3576/SBGDUT/install/setup.zsh'
